2021-11-22 21:14:21.023 [Test worker] INFO  EdgeConnectorTest - Setting up test using EdgeConnector
2021-11-22 21:14:21.028 [Test worker] DEBUG EdgeConnector - Creating EdgeConnector object using 1|2|3|testStyle1|testStyle2
2021-11-22 21:14:21.029 [Test worker] DEBUG EdgeConnectorTest - EndPoint1 initialized to 2. testObj.getEndPoint1(): 2
2021-11-22 21:14:21.029 [Test worker] INFO  EdgeConnectorTest - Setting up test using EdgeConnector
2021-11-22 21:14:21.029 [Test worker] DEBUG EdgeConnector - Creating EdgeConnector object using 1|2|3|testStyle1|testStyle2
2021-11-22 21:14:21.029 [Test worker] DEBUG EdgeConnectorTest - EndPoint2 initialized to 3. testObj.getEndPoint2(): 3
2021-11-22 21:14:21.030 [Test worker] INFO  EdgeConnectorTest - Setting up test using EdgeConnector
2021-11-22 21:14:21.031 [Test worker] DEBUG EdgeConnector - Creating EdgeConnector object using 1|2|3|testStyle1|testStyle2
2021-11-22 21:14:21.031 [Test worker] DEBUG EdgeConnectorTest - endStyle1 initialized to "testStyle1". testObj.getEndStyle1(): testStyle1
2021-11-22 21:14:21.032 [Test worker] INFO  EdgeConnectorTest - Setting up test using EdgeConnector
2021-11-22 21:14:21.032 [Test worker] DEBUG EdgeConnector - Creating EdgeConnector object using 1|2|3|testStyle1|testStyle2
2021-11-22 21:14:21.032 [Test worker] DEBUG EdgeConnectorTest - endStyle1 initialized to "testStyle2". testObj.getEndStyle2(): testStyle2
2021-11-22 21:14:21.032 [Test worker] INFO  EdgeConnectorTest - Setting up test using EdgeConnector
2021-11-22 21:14:21.032 [Test worker] DEBUG EdgeConnector - Creating EdgeConnector object using 1|2|3|testStyle1|testStyle2
2021-11-22 21:14:21.037 [Test worker] DEBUG EdgeConnectorTest - Run of testGetNumConnector opt1: 1 , getNumConnector: 1
2021-11-22 21:14:21.037 [Test worker] INFO  EdgeConnectorTest - Setting up test using EdgeConnector
2021-11-22 21:14:21.038 [Test worker] DEBUG EdgeConnector - Creating EdgeConnector object using 1|2|3|testStyle1|testStyle2
2021-11-22 21:14:21.038 [Test worker] DEBUG EdgeConnectorTest - isEP1Field test should be false. testObj.getIsEP1Field(): false
2021-11-22 21:14:21.038 [Test worker] INFO  EdgeConnectorTest - Setting up test using EdgeConnector
2021-11-22 21:14:21.039 [Test worker] DEBUG EdgeConnector - Creating EdgeConnector object using 1|2|3|testStyle1|testStyle2
2021-11-22 21:14:21.039 [Test worker] DEBUG EdgeConnectorTest - isEP1Table test should be false. testObj.getIsEP1Table(): false
2021-11-22 21:14:21.039 [Test worker] INFO  EdgeConnectorTest - Setting up test using EdgeConnector
2021-11-22 21:14:21.040 [Test worker] DEBUG EdgeConnector - Creating EdgeConnector object using 1|2|3|testStyle1|testStyle2
2021-11-22 21:14:21.040 [Test worker] DEBUG EdgeConnectorTest - isEP2Field test should be false. testObj.getIsEP2Field(): false
2021-11-22 21:14:21.040 [Test worker] INFO  EdgeConnectorTest - Setting up test using EdgeConnector
2021-11-22 21:14:21.041 [Test worker] DEBUG EdgeConnector - Creating EdgeConnector object using 1|2|3|testStyle1|testStyle2
2021-11-22 21:14:21.041 [Test worker] DEBUG EdgeConnectorTest - isEP2Table test should be false. testObj.getIsEP2Table(): false
2021-11-22 21:14:21.041 [Test worker] INFO  EdgeConnectorTest - Setting up test using EdgeConnector
2021-11-22 21:14:21.041 [Test worker] DEBUG EdgeConnector - Creating EdgeConnector object using 1|2|3|testStyle1|testStyle2
2021-11-22 21:14:21.042 [Test worker] DEBUG EdgeConnectorTest - isEP1Field test should be set manually. testObj.getIsEP1Field(): false
2021-11-22 21:14:21.042 [Test worker] INFO  EdgeConnectorTest - Setting up test using EdgeConnector
2021-11-22 21:14:21.042 [Test worker] DEBUG EdgeConnector - Creating EdgeConnector object using 1|2|3|testStyle1|testStyle2
2021-11-22 21:14:21.042 [Test worker] DEBUG EdgeConnectorTest - isEP1Table test should be set manually. testObj.getIsEP1Table(): false
2021-11-22 21:14:21.042 [Test worker] INFO  EdgeConnectorTest - Setting up test using EdgeConnector
2021-11-22 21:14:21.042 [Test worker] DEBUG EdgeConnector - Creating EdgeConnector object using 1|2|3|testStyle1|testStyle2
2021-11-22 21:14:21.044 [Test worker] DEBUG EdgeConnectorTest - isEP2Field test should be set manually. testObj.getIsEP2Field(): false
2021-11-22 21:14:21.044 [Test worker] INFO  EdgeConnectorTest - Setting up test using EdgeConnector
2021-11-22 21:14:21.044 [Test worker] DEBUG EdgeConnector - Creating EdgeConnector object using 1|2|3|testStyle1|testStyle2
2021-11-22 21:14:21.045 [Test worker] DEBUG EdgeConnectorTest - isEP2Table test should be set manually. testObj.getIsEP2Table(): false
2021-11-22 21:14:21.051 [Test worker] INFO  EdgeConnectorTest - Setting up test using EdgeConnector
2021-11-22 21:14:21.052 [Test worker] DEBUG EdgeField - Creating EdgeField object with 6|Test|0|0|0|0|1|false|false|
2021-11-22 21:14:21.052 [Test worker] INFO  EdgeConnectorTest - Setting up test using EdgeConnector
2021-11-22 21:14:21.053 [Test worker] DEBUG EdgeField - Creating EdgeField object with 6|Test|0|0|0|0|1|false|false|
2021-11-22 21:14:21.053 [Test worker] INFO  EdgeConnectorTest - Testing that DefaultValue is an int. Should be set to 0, is set to: 0
2021-11-22 21:14:21.054 [Test worker] INFO  EdgeConnectorTest - Setting up test using EdgeConnector
2021-11-22 21:14:21.055 [Test worker] DEBUG EdgeField - Creating EdgeField object with 6|Test|0|0|0|0|1|false|false|
2021-11-22 21:14:21.055 [Test worker] INFO  EdgeConnectorTest - Testing that VarcharValue is set properly. Should be set to 3, is set to: 3
2021-11-22 21:14:21.056 [Test worker] INFO  EdgeConnectorTest - Setting up test using EdgeConnector
2021-11-22 21:14:21.056 [Test worker] DEBUG EdgeField - Creating EdgeField object with 6|Test|0|0|0|0|1|false|false|
2021-11-22 21:14:21.056 [Test worker] INFO  EdgeConnectorTest - Setting up test using EdgeConnector
2021-11-22 21:14:21.056 [Test worker] DEBUG EdgeField - Creating EdgeField object with 6|Test|0|0|0|0|1|false|false|
2021-11-22 21:14:21.057 [Test worker] INFO  EdgeConnectorTest - Testing that the table ID is set correctly.  Should be set to 0, is set to : 0
2021-11-22 21:14:21.057 [Test worker] INFO  EdgeConnectorTest - Setting up test using EdgeConnector
2021-11-22 21:14:21.057 [Test worker] DEBUG EdgeField - Creating EdgeField object with 6|Test|0|0|0|0|1|false|false|
2021-11-22 21:14:21.057 [Test worker] INFO  EdgeConnectorTest - Testing that you can set the field bound.  Should be set to 3, is set to: 3
2021-11-22 21:14:21.059 [Test worker] INFO  EdgeConnectorTest - Setting up test using EdgeConnector
2021-11-22 21:14:21.059 [Test worker] DEBUG EdgeField - Creating EdgeField object with 6|Test|0|0|0|0|1|false|false|
2021-11-22 21:14:21.059 [Test worker] INFO  EdgeConnectorTest - Testing that DefaultValue is a string. Should be set to '', is set to: 
2021-11-22 21:14:21.060 [Test worker] INFO  EdgeConnectorTest - Setting up test using EdgeConnector
2021-11-22 21:14:21.060 [Test worker] DEBUG EdgeField - Creating EdgeField object with 6|Test|0|0|0|0|1|false|false|
2021-11-22 21:14:21.060 [Test worker] INFO  EdgeConnectorTest - Testing that DataType is set properly. Should be set to 3, is set to: 3
2021-11-22 21:14:21.060 [Test worker] INFO  EdgeConnectorTest - Setting up test using EdgeConnector
2021-11-22 21:14:21.060 [Test worker] DEBUG EdgeField - Creating EdgeField object with 6|Test|0|0|0|0|1|false|false|
2021-11-22 21:14:21.061 [Test worker] INFO  EdgeConnectorTest - Setting up test using EdgeConnector
2021-11-22 21:14:21.061 [Test worker] DEBUG EdgeField - Creating EdgeField object with 6|Test|0|0|0|0|1|false|false|
2021-11-22 21:14:21.062 [Test worker] INFO  EdgeConnectorTest - Testing that IsPrimaryKey is set properly. Should be set to true, is set to: true
2021-11-22 21:14:21.062 [Test worker] INFO  EdgeConnectorTest - Setting up test using EdgeConnector
2021-11-22 21:14:21.063 [Test worker] DEBUG EdgeField - Creating EdgeField object with 6|Test|0|0|0|0|1|false|false|
2021-11-22 21:14:21.063 [Test worker] INFO  EdgeConnectorTest - Testing that DisallowNull is bool. Should be set to false, is set to: false
2021-11-22 21:14:21.063 [Test worker] INFO  EdgeConnectorTest - Setting up test using EdgeConnector
2021-11-22 21:14:21.064 [Test worker] DEBUG EdgeField - Creating EdgeField object with 6|Test|0|0|0|0|1|false|false|
2021-11-22 21:14:21.064 [Test worker] INFO  EdgeConnectorTest - Setting up test using EdgeConnector
2021-11-22 21:14:21.064 [Test worker] DEBUG EdgeField - Creating EdgeField object with 6|Test|0|0|0|0|1|false|false|
2021-11-22 21:14:21.064 [Test worker] INFO  EdgeConnectorTest - Testing that the Name was set correctly. Should be set to 'Test', is set to : Test
2021-11-22 21:14:21.065 [Test worker] INFO  EdgeConnectorTest - Setting up test using EdgeConnector
2021-11-22 21:14:21.065 [Test worker] DEBUG EdgeField - Creating EdgeField object with 6|Test|0|0|0|0|1|false|false|
2021-11-22 21:14:21.066 [Test worker] INFO  EdgeConnectorTest - Setting up test using EdgeConnector
2021-11-22 21:14:21.066 [Test worker] DEBUG EdgeField - Creating EdgeField object with 6|Test|0|0|0|0|1|false|false|
2021-11-22 21:14:21.067 [Test worker] INFO  EdgeConnectorTest - Testing that VarcharValue is an int. Should be set to 1, is set to: 1
2021-11-22 21:14:21.068 [Test worker] INFO  EdgeConnectorTest - Setting up test using EdgeConnector
2021-11-22 21:14:21.068 [Test worker] DEBUG EdgeField - Creating EdgeField object with 6|Test|0|0|0|0|1|false|false|
2021-11-22 21:14:21.068 [Test worker] INFO  EdgeConnectorTest - Testing that the table bound is set correctly.  Should be set to 0, is set to: 0
2021-11-22 21:14:21.068 [Test worker] INFO  EdgeConnectorTest - Setting up test using EdgeConnector
2021-11-22 21:14:21.068 [Test worker] DEBUG EdgeField - Creating EdgeField object with 6|Test|0|0|0|0|1|false|false|
2021-11-22 21:14:21.069 [Test worker] INFO  EdgeConnectorTest - Setting up test using EdgeConnector
2021-11-22 21:14:21.070 [Test worker] DEBUG EdgeField - Creating EdgeField object with 6|Test|0|0|0|0|1|false|false|
2021-11-22 21:14:21.070 [Test worker] INFO  EdgeConnectorTest - Setting up test using EdgeConnector
2021-11-22 21:14:21.070 [Test worker] DEBUG EdgeField - Creating EdgeField object with 6|Test|0|0|0|0|1|false|false|
2021-11-22 21:14:21.070 [Test worker] INFO  EdgeConnectorTest - Testing that IsPrimaryKey is bool. Should be set to false, is set to: false
2021-11-22 21:14:21.071 [Test worker] INFO  EdgeConnectorTest - Setting up test using EdgeConnector
2021-11-22 21:14:21.071 [Test worker] DEBUG EdgeField - Creating EdgeField object with 6|Test|0|0|0|0|1|false|false|
2021-11-22 21:14:21.071 [Test worker] INFO  EdgeConnectorTest - Testing that you can set the table bound.  Should be set to 3, is set to: 3
2021-11-22 21:14:21.072 [Test worker] INFO  EdgeConnectorTest - Setting up test using EdgeConnector
2021-11-22 21:14:21.072 [Test worker] DEBUG EdgeField - Creating EdgeField object with 6|Test|0|0|0|0|1|false|false|
2021-11-22 21:14:21.075 [Test worker] INFO  EdgeConnectorTest - Testing that strDataType returns proper values. Should be set to {"Varchar", "Boolean", "Integer", "Double"}, is set to: [Ljava.lang.String;@e84a8e1
2021-11-22 21:14:21.075 [Test worker] INFO  EdgeConnectorTest - Setting up test using EdgeConnector
2021-11-22 21:14:21.075 [Test worker] DEBUG EdgeField - Creating EdgeField object with 6|Test|0|0|0|0|1|false|false|
2021-11-22 21:14:21.076 [Test worker] INFO  EdgeConnectorTest - Setting up test using EdgeConnector
2021-11-22 21:14:21.076 [Test worker] DEBUG EdgeField - Creating EdgeField object with 6|Test|0|0|0|0|1|false|false|
2021-11-22 21:14:21.076 [Test worker] INFO  EdgeConnectorTest - Testing invalid string format. 
2021-11-22 21:14:21.077 [Test worker] INFO  EdgeConnectorTest - Setting up test using EdgeConnector
2021-11-22 21:14:21.077 [Test worker] DEBUG EdgeField - Creating EdgeField object with 6|Test|0|0|0|0|1|false|false|
2021-11-22 21:14:21.077 [Test worker] INFO  EdgeConnectorTest - Testing that DefaultValue is set properly. Should be set to test, is set to: test
2021-11-22 21:14:21.078 [Test worker] INFO  EdgeConnectorTest - Setting up test using EdgeConnector
2021-11-22 21:14:21.078 [Test worker] DEBUG EdgeField - Creating EdgeField object with 6|Test|0|0|0|0|1|false|false|
2021-11-22 21:14:21.079 [Test worker] INFO  EdgeConnectorTest - Testing that DisallowNull is set properly. Should be set to true, is set to: true
2021-11-22 21:14:21.080 [Test worker] INFO  EdgeConnectorTest - Setting up test using EdgeConnector
2021-11-22 21:14:21.080 [Test worker] DEBUG EdgeField - Creating EdgeField object with 6|Test|0|0|0|0|1|false|false|
2021-11-22 21:14:21.081 [Test worker] INFO  EdgeConnectorTest - Setting up test using EdgeConnector
2021-11-22 21:14:21.081 [Test worker] DEBUG EdgeField - Creating EdgeField object with 6|Test|0|0|0|0|1|false|false|
2021-11-22 21:14:21.081 [Test worker] INFO  EdgeConnectorTest - Testing that the field bound is set properly.  Should be set to 0, is set to: 0
2021-11-22 21:14:21.088 [Test worker] INFO  EdgeConnectorTest - Setting up test using EdgeTable
2021-11-22 21:14:21.089 [Test worker] DEBUG EdgeTable - Creating EdgeTable field with 3|Test
2021-11-22 21:14:21.090 [Test worker] INFO  EdgeConnectorTest - RelatedField before moving field up : [4, 4, 6]
2021-11-22 21:14:21.090 [Test worker] INFO  EdgeConnectorTest - RelatedField after moving the field up. Should be set to [4, 5, 6] is set to : [4, 4, 6]
2021-11-22 21:14:21.090 [Test worker] INFO  EdgeConnectorTest - Setting up test using EdgeTable
2021-11-22 21:14:21.090 [Test worker] DEBUG EdgeTable - Creating EdgeTable field with 3|Test
2021-11-22 21:14:21.090 [Test worker] INFO  EdgeConnectorTest - Running test with an index out of bound exception...
2021-11-22 21:14:21.091 [Test worker] INFO  EdgeConnectorTest - Setting up test using EdgeTable
2021-11-22 21:14:21.092 [Test worker] DEBUG EdgeTable - Creating EdgeTable field with 3|Test
2021-11-22 21:14:21.092 [Test worker] INFO  EdgeConnectorTest - RelatedField before moving field up : [4, 5, 6]
2021-11-22 21:14:21.092 [Test worker] INFO  EdgeConnectorTest - RelatedField after moving the field up. Should be set to [5, 4, 6] is set to : [5, 4, 6]
2021-11-22 21:14:21.093 [Test worker] INFO  EdgeConnectorTest - Setting up test using EdgeTable
2021-11-22 21:14:21.094 [Test worker] DEBUG EdgeTable - Creating EdgeTable field with 3|Test
2021-11-22 21:14:21.094 [Test worker] INFO  EdgeConnectorTest - Testing that the RelatedFields was set correctly. Should be set to [4] is set to : [4]
2021-11-22 21:14:21.095 [Test worker] INFO  EdgeConnectorTest - Setting up test using EdgeTable
2021-11-22 21:14:21.095 [Test worker] DEBUG EdgeTable - Creating EdgeTable field with 3|Test
2021-11-22 21:14:21.095 [Test worker] INFO  EdgeConnectorTest - Testing that the RelatedTablesField was set correctly. Should be set to [4] is set to : [4]
2021-11-22 21:14:21.096 [Test worker] INFO  EdgeConnectorTest - Setting up test using EdgeTable
2021-11-22 21:14:21.096 [Test worker] DEBUG EdgeTable - Creating EdgeTable field with 3|Test
2021-11-22 21:14:21.097 [Test worker] INFO  EdgeConnectorTest - RelatedField before moving field down : [4, 5, 6]
2021-11-22 21:14:21.097 [Test worker] INFO  EdgeConnectorTest - RelatedField after moving the field down. Should be set to [4, 5, 6] is set to : [4, 5, 6]
2021-11-22 21:14:21.097 [Test worker] INFO  EdgeConnectorTest - Setting up test using EdgeTable
2021-11-22 21:14:21.097 [Test worker] DEBUG EdgeTable - Creating EdgeTable field with 3|Test
2021-11-22 21:14:21.097 [Test worker] INFO  EdgeConnectorTest - RelatedField before moving field down : [4, 5, 6]
2021-11-22 21:14:21.098 [Test worker] INFO  EdgeConnectorTest - Setting up test using EdgeTable
2021-11-22 21:14:21.098 [Test worker] DEBUG EdgeTable - Creating EdgeTable field with 3|Test
2021-11-22 21:14:21.098 [Test worker] INFO  EdgeConnectorTest - Testing that the NativeFields was set correctly. Should be set to [4] is set to : [4]
2021-11-22 21:14:21.099 [Test worker] INFO  EdgeConnectorTest - Setting up test using EdgeTable
2021-11-22 21:14:21.100 [Test worker] DEBUG EdgeTable - Creating EdgeTable field with 3|Test
2021-11-22 21:14:21.100 [Test worker] INFO  EdgeConnectorTest - RelatedField before moving field up : [4, 5, 6]
2021-11-22 21:14:21.100 [Test worker] INFO  EdgeConnectorTest - Setting up test using EdgeTable
2021-11-22 21:14:21.100 [Test worker] DEBUG EdgeTable - Creating EdgeTable field with 3|Test
2021-11-22 21:14:21.101 [Test worker] INFO  EdgeConnectorTest - RelatedField before moving field down : [4, 5, 6]
2021-11-22 21:14:21.101 [Test worker] INFO  EdgeConnectorTest - RelatedField after moving the field down. Should be set to [4, 6, 5] is set to : [4, 6, 5]
2021-11-22 21:14:21.101 [Test worker] INFO  EdgeConnectorTest - Setting up test using EdgeTable
2021-11-22 21:14:21.101 [Test worker] DEBUG EdgeTable - Creating EdgeTable field with 3|Test
2021-11-22 21:14:21.102 [Test worker] DEBUG EdgeConnectorTest - Testing that the NumFigureField was set correctly. Should be set to 3, is set to : 3
2021-11-22 21:14:21.102 [Test worker] INFO  EdgeConnectorTest - Setting up test using EdgeTable
2021-11-22 21:14:21.103 [Test worker] DEBUG EdgeTable - Creating EdgeTable field with 3|Test
2021-11-22 21:14:21.103 [Test worker] DEBUG EdgeConnectorTest - Testing that the NameField was set correctly. Should be set to 'Test', is set to : Test
2021-11-22 21:14:21.103 [Test worker] INFO  EdgeConnectorTest - Setting up test using EdgeTable
2021-11-22 21:14:21.103 [Test worker] DEBUG EdgeTable - Creating EdgeTable field with 3|Test
2021-11-22 21:14:21.104 [Test worker] INFO  EdgeConnectorTest - Output of testObj.toString() : Table: 3
{
TableName: Test
NativeFields: 4|5|6
RelatedTables: 3|4
RelatedFields: 4|5|6
}

